mvn : WARNING: A terminally deprecated method in sun.misc.Unsafe has been called
At line:1 char:1
+ mvn clean test -Dtest=LayeredArchitectureTest 2>&1 > test_output.txt; ...
+ ~~~~~~~~~~~~~~~~~~~~~~~~~~~~~~~~~~~~~~~~~~~~~~~~~~~~~~~~~~~~~~~~~~~~
    + CategoryInfo          : NotSpecified: (WARNING: A term...has been called:String) [], RemoteE 
   xception
    + FullyQualifiedErrorId : NativeCommandError
 
WARNING: sun.misc.Unsafe::staticFieldBase has been called by 
com.google.inject.internal.aop.HiddenClassDefiner 
(file:/C:/ProgramData/chocolatey/lib/maven/apache-maven-3.9.11/lib/guice-5.1.0-classes.jar)
WARNING: Please consider reporting this to the maintainers of class 
com.google.inject.internal.aop.HiddenClassDefiner
WARNING: sun.misc.Unsafe::staticFieldBase will be removed in a future release
[INFO] Scanning for projects...
[INFO] 
[INFO] -------------------< com.vibe:notification-service >--------------------
[INFO] Building Notification Service 1.0.0
[INFO]   from pom.xml
[INFO] --------------------------------[ jar ]---------------------------------
[INFO] 
[INFO] --- clean:3.4.0:clean (default-clean) @ notification-service ---
[INFO] Deleting C:\Users\iota\VibeCoding\notification-service\target
[INFO] 
[INFO] --- resources:3.3.1:resources (default-resources) @ notification-service ---
[INFO] Copying 2 resources from src\main\resources to target\classes
[INFO] Copying 4 resources from src\main\resources to target\classes
[INFO] 
[INFO] --- compiler:3.13.0:compile (default-compile) @ notification-service ---
[INFO] Recompiling the module because of changed source code.
[INFO] Compiling 62 source files with javac [debug parameters release 25] to target\classes
[INFO] 
[INFO] --- resources:3.3.1:testResources (default-testResources) @ notification-service ---
[INFO] Copying 1 resource from src\test\resources to target\test-classes
[INFO] 
[INFO] --- compiler:3.13.0:testCompile (default-testCompile) @ notification-service ---
[INFO] Recompiling the module because of changed dependency.
[INFO] Compiling 12 source files with javac [debug parameters release 25] to target\test-classes
[INFO] /C:/Users/iota/VibeCoding/notification-service/src/test/java/com/vibe/notification/integration/RabbitMqIntegrationTest.java: Some input files use or override a deprecated API.
[INFO] /C:/Users/iota/VibeCoding/notification-service/src/test/java/com/vibe/notification/integration/RabbitMqIntegrationTest.java: Recompile with -Xlint:deprecation for details.
[INFO] 
[INFO] --- surefire:3.5.2:test (default-test) @ notification-service ---
[INFO] Using auto detected provider org.apache.maven.surefire.junitplatform.JUnitPlatformProvider
[INFO] 
[INFO] -------------------------------------------------------
[INFO]  T E S T S
[INFO] -------------------------------------------------------
[INFO] Running com.vibe.notification.architecture.LayeredArchitectureTest
10:02:15.539 [main] INFO com.tngtech.archunit.core.PluginLoader -- Detected Java version 25.0.1
[INFO] Tests run: 3, Failures: 0, Errors: 0, Skipped: 0, Time elapsed: 4.747 s -- in com.vibe.notification.architecture.LayeredArchitectureTest
[INFO] 
[INFO] Results:
[INFO] 
[INFO] Tests run: 3, Failures: 0, Errors: 0, Skipped: 0
[INFO] 
[INFO] ------------------------------------------------------------------------
[INFO] BUILD SUCCESS
[INFO] ------------------------------------------------------------------------
[INFO] Total time:  17.590 s
[INFO] Finished at: 2026-01-30T10:02:20+07:00
[INFO] ------------------------------------------------------------------------
